Usage: OpenCOR [-a|--about] [-c|--command [<plugin>]::<command> <options>] [-h|--help] [-p|--plugins] [-r|--reset] [-s|--status] [-v|--version] [<files>]
 -a, --about     Display some information about OpenCOR
 -c, --command   Send a command to one or all the CLI plugins
 -h, --help      Display this help information
 -p, --plugins   Display all the CLI plugins
 -r, --reset     Reset all your settings
 -s, --status    Display the status of all the plugins
 -v, --version   Display the version of OpenCOR
