The following CLI plugins are available:
 - CellMLTextView: a plugin to edit CellML files using the CellML Text format.
 - CellMLTools: a plugin to access various CellML-related tools.
 - Python: a plugin to provide the Python language.
