The following CLI plugins are available:
 - CellMLTextView: a plugin to edit CellML files using the CellML Text format.
 - CellMLTools: a plugin to access various CellML-related tools.
 - SampleTools: a plugin that provides an addition tool.
